------------------------------------------------------------
TimeQuest Timing Analyzer Summary
------------------------------------------------------------

Type  : Slow 1200mV 85C Model Setup 'LCDctrol:inst2|PHSYNC'
Slack : -1.792
TNS   : -17.080

Type  : Slow 1200mV 85C Model Setup 'inst|altpll_component|auto_generated|pll1|clk[0]'
Slack : 156.850
TNS   : 0.000

Type  : Slow 1200mV 85C Model Hold 'LCDctrol:inst2|PHSYNC'
Slack : 0.543
TNS   : 0.000

Type  : Slow 1200mV 85C Model Hold 'inst|altpll_component|auto_generated|pll1|clk[0]'
Slack : 0.553
TNS   : 0.000

Type  : Slow 1200mV 85C Model Minimum Pulse Width 'LCDctrol:inst2|PHSYNC'
Slack : -1.487
TNS   : -14.870

Type  : Slow 1200mV 85C Model Minimum Pulse Width 'CLKIN'
Slack : 19.934
TNS   : 0.000

Type  : Slow 1200mV 85C Model Minimum Pulse Width 'inst|altpll_component|auto_generated|pll1|clk[0]'
Slack : 79.778
TNS   : 0.000

Type  : Slow 1200mV 0C Model Setup 'LCDctrol:inst2|PHSYNC'
Slack : -1.561
TNS   : -14.856

Type  : Slow 1200mV 0C Model Setup 'inst|altpll_component|auto_generated|pll1|clk[0]'
Slack : 157.013
TNS   : 0.000

Type  : Slow 1200mV 0C Model Hold 'LCDctrol:inst2|PHSYNC'
Slack : 0.502
TNS   : 0.000

Type  : Slow 1200mV 0C Model Hold 'inst|altpll_component|auto_generated|pll1|clk[0]'
Slack : 0.520
TNS   : 0.000

Type  : Slow 1200mV 0C Model Minimum Pulse Width 'LCDctrol:inst2|PHSYNC'
Slack : -1.487
TNS   : -14.870

Type  : Slow 1200mV 0C Model Minimum Pulse Width 'CLKIN'
Slack : 19.943
TNS   : 0.000

Type  : Slow 1200mV 0C Model Minimum Pulse Width 'inst|altpll_component|auto_generated|pll1|clk[0]'
Slack : 79.764
TNS   : 0.000

Type  : Fast 1200mV 0C Model Setup 'LCDctrol:inst2|PHSYNC'
Slack : -0.170
TNS   : -1.381

Type  : Fast 1200mV 0C Model Setup 'inst|altpll_component|auto_generated|pll1|clk[0]'
Slack : 158.682
TNS   : 0.000

Type  : Fast 1200mV 0C Model Hold 'inst|altpll_component|auto_generated|pll1|clk[0]'
Slack : 0.218
TNS   : 0.000

Type  : Fast 1200mV 0C Model Hold 'LCDctrol:inst2|PHSYNC'
Slack : 0.219
TNS   : 0.000

Type  : Fast 1200mV 0C Model Minimum Pulse Width 'LCDctrol:inst2|PHSYNC'
Slack : -1.000
TNS   : -10.000

Type  : Fast 1200mV 0C Model Minimum Pulse Width 'CLKIN'
Slack : 19.594
TNS   : 0.000

Type  : Fast 1200mV 0C Model Minimum Pulse Width 'inst|altpll_component|auto_generated|pll1|clk[0]'
Slack : 79.755
TNS   : 0.000

------------------------------------------------------------
